
 [10:19:19] Welcome - GEMFX is preparing for DirectX9 application
 [10:19:19] GEMFX successfully hooked onto 'portal2.exe'
 [10:19:32] noAA On
 [10:20:41] Preparing FXAA...
 [10:20:43] 2xFXAA On
 [10:21:00] 2xFXAA Off
 [10:21:03] 2xFXAA On
 [10:21:18] Preparing FXAA...
 [10:21:20] 2xFXAA On
 [10:21:21] Preparing FXAA...
 [10:21:23] 2xFXAA On
 [10:21:27] Preparing FXAA...
 [10:21:29] 2xFXAA On
 [10:21:33] Preparing FXAA...
 [10:21:35] 2xFXAA On
 [10:21:45] Preparing FXAA...
 [10:21:47] 2xFXAA On
 [10:21:52] Preparing FXAA...
 [10:21:54] 2xFXAA On
 [10:22:00] Preparing FXAA...
 [10:22:02] 2xFXAA On
 [10:22:08] noAA On
 [10:22:09] Preparing FXAA...
 [10:22:11] 2xFXAA On
 [10:22:14] Preparing FXAA...
 [10:22:16] 2xFXAA On
 [10:22:28] Preparing FXAA...
 [10:22:30] 2xFXAA On
 [10:22:37] 2xFXAA Off
 [10:22:39] 2xFXAA On
 [10:22:40] 2xFXAA Off
 [10:22:41] 2xFXAA On
 [10:23:30] 2xFXAA Off
 [10:23:31] 2xFXAA On
 [10:23:33] 2xFXAA Off
 [10:23:35] 2xFXAA On
 [10:24:01] Preparing FXAA...
 [10:24:09] 2xFXAA On
 [10:25:06] Preparing FXAA...
 [10:25:08] 2xFXAA On
 [10:25:19] Preparing FXAA...
 [10:25:21] 2xFXAA On
 [10:26:07] Preparing FXAA...
 [10:26:09] 2xFXAA On
 [10:26:24] Preparing FXAA...
 [10:26:26] 2xFXAA On
 [10:26:41] Preparing FXAA...
 [10:26:43] 2xFXAA On
 [10:27:00] Preparing FXAA...
 [10:27:02] 2xFXAA On
 [10:27:10] 2xFXAA Off
 [10:27:15] 2xFXAA On
 [10:27:18] 2xFXAA Off
 [10:27:22] 2xFXAA On
 [10:27:25] 2xFXAA Off
 [10:27:25] 2xFXAA On
 [10:29:10] Preparing FXAA...
 [10:29:12] 2xFXAA On
 [10:29:44] Preparing FXAA...
 [10:29:46] 2xFXAA On
 [10:29:59] Preparing FXAA...
 [10:30:01] 2xFXAA On
 [10:30:03] Preparing FXAA...
 [10:30:05] 2xFXAA On
 [10:30:12] 2xFXAA Off
 [10:30:13] 2xFXAA On
 [10:30:20] 2xFXAA Off
 [10:30:21] 2xFXAA On
 [10:30:45] ToggleGEMBlur...
 [10:30:46] ToggleGEMBlur...
 [10:30:47] ToggleGEMBlur...
 [10:30:48] ToggleGEMBlur...
 [10:30:50] 2xFXAA Off
 [10:30:53] 2xFXAA On
 [10:31:29] Preparing FXAA...
 [10:31:31] 2xFXAA On
 [10:31:37] Preparing FXAA...
 [10:31:38] 2xFXAA On
 [10:31:45] Preparing FXAA...
 [10:31:47] 2xFXAA On
 [10:32:32] 2xFXAA Off
 [10:32:35] 2xFXAA On
 [10:32:36] 2xFXAA Off
 [10:32:37] 2xFXAA On
 [10:34:27] Preparing FXAA...
 [10:34:29] 2xFXAA On
 [10:34:38] Preparing FXAA...
 [10:34:40] 2xFXAA On
 [10:34:43] Preparing FXAA...
 [10:34:45] 2xFXAA On
 [10:34:49] Preparing FXAA...
 [10:34:51] 2xFXAA On
 [10:34:55] Preparing FXAA...
 [10:34:57] 2xFXAA On
 [10:35:03] Preparing FXAA...
 [10:35:05] 2xFXAA On
 [10:35:18] Preparing FXAA...
 [10:35:20] 2xFXAA On
 [10:35:33] Preparing FXAA...
 [10:35:35] 2xFXAA On
 [10:35:44] Preparing FXAA...
 [10:35:46] 2xFXAA On
 [10:35:49] Preparing FXAA...
 [10:35:51] 2xFXAA On
 [10:36:37] Preparing FXAA...
 [10:36:39] 2xFXAA On
 [10:36:45] Preparing FXAA...
 [10:36:47] 2xFXAA On
 [10:36:50] Preparing FXAA...
 [10:36:52] 2xFXAA On
 [10:36:59] Preparing FXAA...
 [10:37:01] 2xFXAA On
 [10:37:06] Preparing FXAA...
 [10:37:07] 2xFXAA On
 [10:37:11] Preparing FXAA...
 [10:37:13] 2xFXAA On
 [10:37:25] Preparing FXAA...
 [10:37:27] 2xFXAA On
 [10:37:34] Preparing FXAA...
 [10:37:36] 2xFXAA On
 [10:37:52] Preparing FXAA...
 [10:37:54] 2xFXAA On
 [10:38:34] Preparing FXAA...
 [10:38:36] 2xFXAA On
 [10:39:29] Preparing FXAA...
 [10:39:31] 2xFXAA On
 [10:39:35] Preparing FXAA...
 [10:39:37] 2xFXAA On
 [10:39:48] 2xFXAA Off
 [10:39:49] 2xFXAA On
 [10:39:51] ToggleGEMBlur...
 [10:39:52] ToggleGEMBlur...
 [10:40:56] Preparing FXAA...
 [10:40:58] 2xFXAA On
 [10:41:13] 2xFXAA Off
 [10:41:15] 2xFXAA On
 [10:41:18] 2xFXAA Off
 [10:41:18] 2xFXAA On
 [10:41:58] 2xFXAA Off
 [10:42:00] 2xFXAA On
 [10:42:04] 2xFXAA Off
 [10:42:06] 2xFXAA On
 [10:42:08] 2xFXAA Off
 [10:42:09] 2xFXAA On
 [10:42:10] 2xFXAA Off
 [10:42:12] 2xFXAA On
 [10:43:06] Preparing FXAA...
 [10:43:08] 2xFXAA On
 [10:43:11] Preparing FXAA...
 [10:43:13] 2xFXAA On
 [10:43:32] Preparing FXAA...
 [10:43:34] 2xFXAA On
 [10:43:39] Preparing FXAA...
 [10:43:41] 2xFXAA On
 [10:44:27] 2xFXAA Off
 [10:44:32] 2xFXAA On
 [10:45:24] Preparing FXAA...
 [10:45:27] 2xFXAA On
 [10:45:53] 2xFXAA Off
 [10:45:54] 2xFXAA On
 [10:48:01] 2xFXAA Off
 [10:48:05] 2xFXAA On
 [10:48:48] Thank you for using GEMFX!
 [10:48:48] GEMFX successfully un-hooked from 'portal2.exe'